[2026-04-29T04:21:17.700Z] GET /notification/customer/e5b6cfc9-f79a-4388-81b4-95bee31e5785 - 200 (274ms)
[2026-04-29T04:21:18.227Z] GET /product/allproducts - 200 (804ms)
[2026-04-29T04:21:18.231Z] GET /wishlist/e5b6cfc9-f79a-4388-81b4-95bee31e5785 - 304 (1063ms)
[2026-04-29T04:21:18.234Z] GET /cart/e5b6cfc9-f79a-4388-81b4-95bee31e5785 - 200 (823ms)
[2026-04-29T04:21:18.251Z] GET /notification/customer/e5b6cfc9-f79a-4388-81b4-95bee31e5785 - 304 (534ms)
[2026-04-29T04:21:18.299Z] GET /wishlist/e5b6cfc9-f79a-4388-81b4-95bee31e5785 - 304 (56ms)
[2026-04-29T04:21:18.742Z] GET /product/allproducts - 304 (459ms)
[2026-04-29T04:21:18.758Z] GET /cart/e5b6cfc9-f79a-4388-81b4-95bee31e5785 - 304 (476ms)
[2026-04-29T04:21:52.306Z] GET /notification/customer/e5b6cfc9-f79a-4388-81b4-95bee31e5785 - 304 (485ms)
[2026-04-29T04:21:52.373Z] GET /notification/customer/e5b6cfc9-f79a-4388-81b4-95bee31e5785 - 304 (17ms)
[2026-04-29T04:21:52.474Z] GET /wishlist/e5b6cfc9-f79a-4388-81b4-95bee31e5785 - 304 (646ms)
[2026-04-29T04:21:52.511Z] GET /wishlist/e5b6cfc9-f79a-4388-81b4-95bee31e5785 - 304 (21ms)
[2026-04-29T04:21:53.224Z] GET /product/allproducts - 304 (1380ms)
[2026-04-29T04:21:53.336Z] GET /cart/e5b6cfc9-f79a-4388-81b4-95bee31e5785 - 304 (1495ms)
[2026-04-29T04:21:54.583Z] GET /product/allproducts - 304 (1331ms)
[2026-04-29T04:21:54.775Z] GET /cart/e5b6cfc9-f79a-4388-81b4-95bee31e5785 - 304 (175ms)
[2026-04-29T04:36:30.456Z] GET /notification/customer/e5b6cfc9-f79a-4388-81b4-95bee31e5785 - 304 (224ms)
[2026-04-29T04:36:30.468Z] GET /cart/e5b6cfc9-f79a-4388-81b4-95bee31e5785 - 304 (209ms)
[2026-04-29T04:36:30.473Z] GET /wishlist/e5b6cfc9-f79a-4388-81b4-95bee31e5785 - 304 (211ms)
[2026-04-29T04:36:30.704Z] GET /product/allproducts - 304 (441ms)
[2026-04-29T04:36:30.725Z] GET /cart/e5b6cfc9-f79a-4388-81b4-95bee31e5785 - 304 (17ms)
[2026-04-29T04:36:30.736Z] GET /wishlist/e5b6cfc9-f79a-4388-81b4-95bee31e5785 - 304 (27ms)
[2026-04-29T04:36:30.739Z] GET /notification/customer/e5b6cfc9-f79a-4388-81b4-95bee31e5785 - 304 (32ms)
[2026-04-29T04:36:30.898Z] GET /product/allproducts - 304 (187ms)
[2026-04-29T04:37:30.239Z] GET /notification/customer/e5b6cfc9-f79a-4388-81b4-95bee31e5785 - 304 (178ms)
[2026-04-29T04:38:30.199Z] GET /notification/customer/e5b6cfc9-f79a-4388-81b4-95bee31e5785 - 304 (122ms)
[2026-04-29T04:39:30.486Z] GET /notification/customer/e5b6cfc9-f79a-4388-81b4-95bee31e5785 - 304 (422ms)
[2026-04-29T04:40:30.120Z] GET /notification/customer/e5b6cfc9-f79a-4388-81b4-95bee31e5785 - 304 (63ms)
[2026-04-29T04:41:30.122Z] GET /notification/customer/e5b6cfc9-f79a-4388-81b4-95bee31e5785 - 304 (50ms)
[2026-04-29T04:42:30.393Z] GET /notification/customer/e5b6cfc9-f79a-4388-81b4-95bee31e5785 - 304 (328ms)
[2026-04-29T04:43:30.330Z] GET /notification/customer/e5b6cfc9-f79a-4388-81b4-95bee31e5785 - 304 (249ms)
[2026-04-29T04:44:30.155Z] GET /notification/customer/e5b6cfc9-f79a-4388-81b4-95bee31e5785 - 304 (74ms)
[2026-04-29T04:45:30.385Z] GET /notification/customer/e5b6cfc9-f79a-4388-81b4-95bee31e5785 - 304 (301ms)
[2026-04-29T04:46:30.138Z] GET /notification/customer/e5b6cfc9-f79a-4388-81b4-95bee31e5785 - 304 (56ms)
[2026-04-29T04:47:30.136Z] GET /notification/customer/e5b6cfc9-f79a-4388-81b4-95bee31e5785 - 304 (67ms)
[2026-04-29T04:48:30.257Z] GET /notification/customer/e5b6cfc9-f79a-4388-81b4-95bee31e5785 - 304 (191ms)
[2026-04-29T04:49:30.159Z] GET /notification/customer/e5b6cfc9-f79a-4388-81b4-95bee31e5785 - 304 (83ms)
[2026-04-29T04:50:30.136Z] GET /notification/customer/e5b6cfc9-f79a-4388-81b4-95bee31e5785 - 304 (69ms)
[2026-04-29T04:51:30.215Z] GET /notification/customer/e5b6cfc9-f79a-4388-81b4-95bee31e5785 - 304 (153ms)
[2026-04-29T04:52:30.135Z] GET /notification/customer/e5b6cfc9-f79a-4388-81b4-95bee31e5785 - 304 (69ms)
[2026-04-29T04:53:30.111Z] GET /notification/customer/e5b6cfc9-f79a-4388-81b4-95bee31e5785 - 304 (49ms)
[2026-04-29T04:54:30.324Z] GET /notification/customer/e5b6cfc9-f79a-4388-81b4-95bee31e5785 - 304 (263ms)
[2026-04-29T04:55:30.124Z] GET /notification/customer/e5b6cfc9-f79a-4388-81b4-95bee31e5785 - 304 (62ms)
[2026-04-29T04:56:30.119Z] GET /notification/customer/e5b6cfc9-f79a-4388-81b4-95bee31e5785 - 304 (59ms)
[2026-04-29T04:57:30.515Z] GET /notification/customer/e5b6cfc9-f79a-4388-81b4-95bee31e5785 - 304 (444ms)
[2026-04-29T04:58:30.122Z] GET /notification/customer/e5b6cfc9-f79a-4388-81b4-95bee31e5785 - 304 (47ms)
[2026-04-29T04:59:30.171Z] GET /notification/customer/e5b6cfc9-f79a-4388-81b4-95bee31e5785 - 304 (112ms)
[2026-04-29T05:00:30.231Z] GET /notification/customer/e5b6cfc9-f79a-4388-81b4-95bee31e5785 - 304 (169ms)
[2026-04-29T05:01:30.237Z] GET /notification/customer/e5b6cfc9-f79a-4388-81b4-95bee31e5785 - 304 (162ms)
[2026-04-29T05:02:30.117Z] GET /notification/customer/e5b6cfc9-f79a-4388-81b4-95bee31e5785 - 304 (48ms)
[2026-04-29T05:03:30.307Z] GET /notification/customer/e5b6cfc9-f79a-4388-81b4-95bee31e5785 - 304 (232ms)
[2026-04-29T05:04:30.359Z] GET /notification/customer/e5b6cfc9-f79a-4388-81b4-95bee31e5785 - 304 (266ms)
[2026-04-29T05:05:30.124Z] GET /notification/customer/e5b6cfc9-f79a-4388-81b4-95bee31e5785 - 304 (44ms)
[2026-04-29T05:06:30.453Z] GET /notification/customer/e5b6cfc9-f79a-4388-81b4-95bee31e5785 - 304 (257ms)
[2026-04-29T05:07:30.118Z] GET /notification/customer/e5b6cfc9-f79a-4388-81b4-95bee31e5785 - 304 (47ms)
[2026-04-29T05:08:30.301Z] GET /notification/customer/e5b6cfc9-f79a-4388-81b4-95bee31e5785 - 304 (97ms)
[2026-04-29T05:09:30.311Z] GET /notification/customer/e5b6cfc9-f79a-4388-81b4-95bee31e5785 - 304 (244ms)
[2026-04-29T05:10:30.246Z] GET /notification/customer/e5b6cfc9-f79a-4388-81b4-95bee31e5785 - 304 (173ms)
[2026-04-29T05:11:30.120Z] GET /notification/customer/e5b6cfc9-f79a-4388-81b4-95bee31e5785 - 304 (50ms)
[2026-04-29T05:12:30.321Z] GET /notification/customer/e5b6cfc9-f79a-4388-81b4-95bee31e5785 - 304 (255ms)
[2026-04-29T05:13:30.262Z] GET /notification/customer/e5b6cfc9-f79a-4388-81b4-95bee31e5785 - 304 (192ms)
[2026-04-29T05:14:30.133Z] GET /notification/customer/e5b6cfc9-f79a-4388-81b4-95bee31e5785 - 304 (68ms)
[2026-04-29T05:15:30.284Z] GET /notification/customer/e5b6cfc9-f79a-4388-81b4-95bee31e5785 - 304 (201ms)
[2026-04-29T05:16:32.005Z] GET /notification/customer/e5b6cfc9-f79a-4388-81b4-95bee31e5785 - 304 (1598ms)
[2026-04-29T05:17:30.157Z] GET /notification/customer/e5b6cfc9-f79a-4388-81b4-95bee31e5785 - 304 (88ms)
[2026-04-29T05:18:30.365Z] GET /notification/customer/e5b6cfc9-f79a-4388-81b4-95bee31e5785 - 304 (303ms)
[2026-04-29T05:19:30.129Z] GET /notification/customer/e5b6cfc9-f79a-4388-81b4-95bee31e5785 - 304 (56ms)
[2026-04-29T05:20:30.259Z] GET /notification/customer/e5b6cfc9-f79a-4388-81b4-95bee31e5785 - 304 (161ms)
[2026-04-29T05:21:30.197Z] GET /notification/customer/e5b6cfc9-f79a-4388-81b4-95bee31e5785 - 304 (133ms)
[2026-04-29T05:22:30.134Z] GET /notification/customer/e5b6cfc9-f79a-4388-81b4-95bee31e5785 - 304 (59ms)
[2026-04-29T05:23:30.113Z] GET /notification/customer/e5b6cfc9-f79a-4388-81b4-95bee31e5785 - 304 (43ms)
[2026-04-29T05:24:30.285Z] GET /notification/customer/e5b6cfc9-f79a-4388-81b4-95bee31e5785 - 304 (213ms)
[2026-04-29T05:25:30.119Z] GET /notification/customer/e5b6cfc9-f79a-4388-81b4-95bee31e5785 - 304 (44ms)
[2026-04-29T05:26:30.128Z] GET /notification/customer/e5b6cfc9-f79a-4388-81b4-95bee31e5785 - 304 (54ms)
[2026-04-29T05:27:30.253Z] GET /notification/customer/e5b6cfc9-f79a-4388-81b4-95bee31e5785 - 304 (185ms)
[2026-04-29T05:28:30.127Z] GET /notification/customer/e5b6cfc9-f79a-4388-81b4-95bee31e5785 - 304 (47ms)
[2026-04-29T05:29:30.118Z] GET /notification/customer/e5b6cfc9-f79a-4388-81b4-95bee31e5785 - 304 (47ms)
[2026-04-29T05:30:30.279Z] GET /notification/customer/e5b6cfc9-f79a-4388-81b4-95bee31e5785 - 304 (205ms)
[2026-04-29T05:31:30.181Z] GET /notification/customer/e5b6cfc9-f79a-4388-81b4-95bee31e5785 - 304 (109ms)
[2026-04-29T05:32:30.110Z] GET /notification/customer/e5b6cfc9-f79a-4388-81b4-95bee31e5785 - 304 (47ms)
[2026-04-29T05:33:30.377Z] GET /notification/customer/e5b6cfc9-f79a-4388-81b4-95bee31e5785 - 304 (316ms)
[2026-04-29T05:34:30.101Z] GET /notification/customer/e5b6cfc9-f79a-4388-81b4-95bee31e5785 - 304 (44ms)
[2026-04-29T05:35:30.178Z] GET /notification/customer/e5b6cfc9-f79a-4388-81b4-95bee31e5785 - 304 (109ms)
[2026-04-29T05:36:30.308Z] GET /notification/customer/e5b6cfc9-f79a-4388-81b4-95bee31e5785 - 304 (240ms)
[2026-04-29T05:37:30.125Z] GET /notification/customer/e5b6cfc9-f79a-4388-81b4-95bee31e5785 - 304 (57ms)
[2026-04-29T05:38:30.107Z] GET /notification/customer/e5b6cfc9-f79a-4388-81b4-95bee31e5785 - 304 (41ms)
[2026-04-29T05:39:30.220Z] GET /notification/customer/e5b6cfc9-f79a-4388-81b4-95bee31e5785 - 304 (157ms)
[2026-04-29T05:40:30.230Z] GET /notification/customer/e5b6cfc9-f79a-4388-81b4-95bee31e5785 - 304 (142ms)
[2026-04-29T05:41:30.198Z] GET /notification/customer/e5b6cfc9-f79a-4388-81b4-95bee31e5785 - 304 (99ms)
[2026-04-29T05:42:30.350Z] GET /notification/customer/e5b6cfc9-f79a-4388-81b4-95bee31e5785 - 304 (277ms)
[2026-04-29T05:43:30.267Z] GET /notification/customer/e5b6cfc9-f79a-4388-81b4-95bee31e5785 - 304 (180ms)
[2026-04-29T05:44:30.114Z] GET /notification/customer/e5b6cfc9-f79a-4388-81b4-95bee31e5785 - 304 (49ms)
[2026-04-29T05:45:30.319Z] GET /notification/customer/e5b6cfc9-f79a-4388-81b4-95bee31e5785 - 304 (256ms)
[2026-04-29T05:46:30.119Z] GET /notification/customer/e5b6cfc9-f79a-4388-81b4-95bee31e5785 - 304 (51ms)
[2026-04-29T05:47:30.108Z] GET /notification/customer/e5b6cfc9-f79a-4388-81b4-95bee31e5785 - 304 (46ms)
[2026-04-29T05:48:30.265Z] GET /notification/customer/e5b6cfc9-f79a-4388-81b4-95bee31e5785 - 304 (205ms)
[2026-04-29T05:49:30.116Z] GET /notification/customer/e5b6cfc9-f79a-4388-81b4-95bee31e5785 - 304 (52ms)
[2026-04-29T05:50:30.130Z] GET /notification/customer/e5b6cfc9-f79a-4388-81b4-95bee31e5785 - 304 (64ms)
[2026-04-29T05:51:30.543Z] GET /notification/customer/e5b6cfc9-f79a-4388-81b4-95bee31e5785 - 304 (306ms)
[2026-04-29T05:52:30.125Z] GET /notification/customer/e5b6cfc9-f79a-4388-81b4-95bee31e5785 - 304 (62ms)
[2026-04-29T05:53:30.110Z] GET /notification/customer/e5b6cfc9-f79a-4388-81b4-95bee31e5785 - 304 (47ms)
[2026-04-29T05:54:30.348Z] GET /notification/customer/e5b6cfc9-f79a-4388-81b4-95bee31e5785 - 304 (275ms)
[2026-04-29T05:55:30.140Z] GET /notification/customer/e5b6cfc9-f79a-4388-81b4-95bee31e5785 - 304 (68ms)
[2026-04-29T05:56:30.275Z] GET /notification/customer/e5b6cfc9-f79a-4388-81b4-95bee31e5785 - 304 (196ms)
[2026-04-29T05:57:30.231Z] GET /notification/customer/e5b6cfc9-f79a-4388-81b4-95bee31e5785 - 304 (148ms)
[2026-04-29T05:58:30.328Z] GET /notification/customer/e5b6cfc9-f79a-4388-81b4-95bee31e5785 - 304 (251ms)
[2026-04-29T05:59:30.212Z] GET /notification/customer/e5b6cfc9-f79a-4388-81b4-95bee31e5785 - 304 (137ms)
[2026-04-29T06:00:30.307Z] GET /notification/customer/e5b6cfc9-f79a-4388-81b4-95bee31e5785 - 304 (224ms)
[2026-04-29T06:01:30.227Z] GET /notification/customer/e5b6cfc9-f79a-4388-81b4-95bee31e5785 - 304 (157ms)
[2026-04-29T06:02:30.270Z] GET /notification/customer/e5b6cfc9-f79a-4388-81b4-95bee31e5785 - 304 (190ms)
[2026-04-29T06:03:30.379Z] GET /notification/customer/e5b6cfc9-f79a-4388-81b4-95bee31e5785 - 304 (298ms)
[2026-04-29T06:04:30.247Z] GET /notification/customer/e5b6cfc9-f79a-4388-81b4-95bee31e5785 - 304 (169ms)
[2026-04-29T06:05:30.247Z] GET /notification/customer/e5b6cfc9-f79a-4388-81b4-95bee31e5785 - 304 (176ms)
[2026-04-29T06:06:30.455Z] GET /notification/customer/e5b6cfc9-f79a-4388-81b4-95bee31e5785 - 304 (385ms)
[2026-04-29T06:17:10.946Z] GET /notification/customer/e5b6cfc9-f79a-4388-81b4-95bee31e5785 - 304 (231ms)
[2026-04-29T06:17:19.961Z] GET /notification/customer/e5b6cfc9-f79a-4388-81b4-95bee31e5785 - 304 (68ms)
[2026-04-29T06:17:19.972Z] GET /notification/customer/e5b6cfc9-f79a-4388-81b4-95bee31e5785 - 304 (7ms)
[2026-04-29T06:17:20.095Z] GET /cart/e5b6cfc9-f79a-4388-81b4-95bee31e5785 - 304 (160ms)
[2026-04-29T06:17:20.107Z] GET /cart/e5b6cfc9-f79a-4388-81b4-95bee31e5785 - 304 (9ms)
[2026-04-29T06:17:20.483Z] GET /product/allproducts - 304 (532ms)
[2026-04-29T06:17:20.513Z] GET /wishlist/e5b6cfc9-f79a-4388-81b4-95bee31e5785 - 304 (593ms)
[2026-04-29T06:17:20.527Z] GET /wishlist/e5b6cfc9-f79a-4388-81b4-95bee31e5785 - 304 (10ms)
[2026-04-29T06:17:20.769Z] GET /product/allproducts - 304 (261ms)
[2026-04-29T06:18:20.513Z] GET /notification/customer/e5b6cfc9-f79a-4388-81b4-95bee31e5785 - 304 (286ms)
[2026-04-29T06:19:20.451Z] GET /notification/customer/e5b6cfc9-f79a-4388-81b4-95bee31e5785 - 304 (225ms)
[2026-04-29T06:20:20.375Z] GET /notification/customer/e5b6cfc9-f79a-4388-81b4-95bee31e5785 - 304 (164ms)
[2026-04-29T06:21:20.362Z] GET /notification/customer/e5b6cfc9-f79a-4388-81b4-95bee31e5785 - 304 (164ms)
[2026-04-29T06:22:20.449Z] GET /notification/customer/e5b6cfc9-f79a-4388-81b4-95bee31e5785 - 304 (238ms)
[2026-04-29T06:23:20.357Z] GET /notification/customer/e5b6cfc9-f79a-4388-81b4-95bee31e5785 - 304 (130ms)
[2026-04-29T06:24:20.413Z] GET /notification/customer/e5b6cfc9-f79a-4388-81b4-95bee31e5785 - 304 (210ms)
[2026-04-29T06:25:20.374Z] GET /notification/customer/e5b6cfc9-f79a-4388-81b4-95bee31e5785 - 304 (163ms)
[2026-04-29T06:26:20.444Z] GET /notification/customer/e5b6cfc9-f79a-4388-81b4-95bee31e5785 - 304 (221ms)
[2026-04-29T06:27:20.364Z] GET /notification/customer/e5b6cfc9-f79a-4388-81b4-95bee31e5785 - 304 (152ms)
[2026-04-29T06:28:20.367Z] GET /notification/customer/e5b6cfc9-f79a-4388-81b4-95bee31e5785 - 304 (154ms)
[2026-04-29T06:29:20.387Z] GET /notification/customer/e5b6cfc9-f79a-4388-81b4-95bee31e5785 - 304 (166ms)
[2026-04-29T06:30:20.457Z] GET /notification/customer/e5b6cfc9-f79a-4388-81b4-95bee31e5785 - 304 (229ms)
[2026-04-29T06:31:20.378Z] GET /notification/customer/e5b6cfc9-f79a-4388-81b4-95bee31e5785 - 304 (174ms)
[2026-04-29T06:32:20.362Z] GET /notification/customer/e5b6cfc9-f79a-4388-81b4-95bee31e5785 - 304 (146ms)
[2026-04-29T06:33:20.370Z] GET /notification/customer/e5b6cfc9-f79a-4388-81b4-95bee31e5785 - 304 (160ms)
[2026-04-29T06:34:20.464Z] GET /notification/customer/e5b6cfc9-f79a-4388-81b4-95bee31e5785 - 304 (255ms)
[2026-04-29T06:35:20.326Z] GET /notification/customer/e5b6cfc9-f79a-4388-81b4-95bee31e5785 - 304 (112ms)
[2026-04-29T06:36:20.461Z] GET /notification/customer/e5b6cfc9-f79a-4388-81b4-95bee31e5785 - 304 (240ms)
[2026-04-29T06:37:19.950Z] GET /notification/customer/e5b6cfc9-f79a-4388-81b4-95bee31e5785 - 304 (85ms)
[2026-04-29T06:38:20.069Z] GET /notification/customer/e5b6cfc9-f79a-4388-81b4-95bee31e5785 - 304 (217ms)
[2026-04-29T06:39:19.973Z] GET /notification/customer/e5b6cfc9-f79a-4388-81b4-95bee31e5785 - 304 (114ms)
[2026-04-29T06:40:19.943Z] GET /notification/customer/e5b6cfc9-f79a-4388-81b4-95bee31e5785 - 304 (87ms)
[2026-04-29T06:41:20.138Z] GET /notification/customer/e5b6cfc9-f79a-4388-81b4-95bee31e5785 - 304 (261ms)
[2026-04-29T06:42:20.007Z] GET /notification/customer/e5b6cfc9-f79a-4388-81b4-95bee31e5785 - 304 (153ms)
[2026-04-29T06:43:20.135Z] GET /notification/customer/e5b6cfc9-f79a-4388-81b4-95bee31e5785 - 304 (271ms)
[2026-04-29T06:44:20.169Z] GET /notification/customer/e5b6cfc9-f79a-4388-81b4-95bee31e5785 - 304 (305ms)
[2026-04-29T06:45:20.319Z] GET /notification/customer/e5b6cfc9-f79a-4388-81b4-95bee31e5785 - 304 (92ms)
[2026-04-29T06:46:20.006Z] GET /notification/customer/e5b6cfc9-f79a-4388-81b4-95bee31e5785 - 304 (148ms)
[2026-04-29T06:58:01.863Z] GET /product/allproducts - 304 (1083ms)
[2026-04-29T06:58:02.483Z] GET /product/allproducts - 304 (599ms)
[2026-04-30T04:20:00.224Z] GET /product/allproducts - 200 (653ms)
[2026-04-30T04:20:00.460Z] GET /product/allproducts - 304 (228ms)
[2026-04-30T04:23:02.321Z] GET / - 200 (21ms)
[2026-04-30T04:23:02.564Z] GET /favicon.ico - 404 (3ms)
[2026-04-30T04:23:06.736Z] GET / - 200 (2ms)
[2026-04-30T04:23:06.954Z] GET /favicon.ico - 404 (1ms)
